// Jest Snapshot v1, https://goo.gl/fbAQLP

exports[`ForecastSummary /> renders correctly 1`] = `
<DocumentFragment>
  <div
    class="forecast-summary"
    data-testid="forecast-summary"
    id="1"
  >
    <div
      class="forecast-summary__date"
    >
      Mon, 30 Apr
    </div>
    <i
      class="wi wi-day-sunny"
      data-testid="forecast-icon"
      name="owm"
    />
    <div
      class="forecast-summary__temperature"
    >
      11Â°C
    </div>
    <div
      class="forecast-summary__description"
    >
      Clear
    </div>
  </div>
</DocumentFragment>
`;
