// Jest Snapshot v1, https://goo.gl/fbAQLP

exports[`<ForecastDetails /> renders correctly 1`] = `
<DocumentFragment>
  <div
    class="forecast-details"
  >
    <div
      class="forecast-details__date"
    >
      Tue, 1 May
    </div>
    <div
      class="forecast-details__maxtemp"
    >
      <span
        class="forecast-details__key"
      >
        Max: 
      </span>
      12°C
    </div>
    <div
      class="forecast-details__mintemp"
    >
      <span
        class="forecast-details__key"
      >
        Min: 
      </span>
      3°C
    </div>
    <div
      class="forecast-details__humidity"
    >
      <span
        class="forecast-details__key"
      >
        Humidity: 
      </span>
      58%
    </div>
    <div
      class="forecast-details__windspeed"
    >
      <span
        class="forecast-details__key"
      >
        Wind Speed: 
      </span>
      10mph
    </div>
    <div
      class="forecast-details__winddir"
    >
      <span
        class="forecast-details__key"
      >
         Direction: 
      </span>
      SE
    </div>
  </div>
</DocumentFragment>
`;
